src/app/products/edit-product-form.tsx(184,21): error TS2304: Cannot find name 'Resolver'.
